<!DOCTYPE html>
<html>
<head>
    <title>Compliance Report</title>
</head>
<body>

<h1>Compliance Report</h1>

<h2>ip-10-0-1-158</h2>

<table border="1">

<tr>
<td>Hostname</td>
<td>ip-10-0-1-158</td>
</tr>

<tr>
<td>OS</td>
<td>RedHat</td>
</tr>

<tr>
<td>Kernel</td>
<td>5.14.0-611.55.1.el9_7.x86_64</td>
</tr>

<tr>
<td>Memory</td>
<td><pre>               total        used        free      shared  buff/cache   available
Mem:             716         345         222           5         259         371
Swap:              0           0           0</pre></td>
</tr>

<tr>
<td>Disk</td>
<td><pre>Filesystem      Size  Used Avail Use% Mounted on
devtmpfs        4.0M     0  4.0M   0% /dev
tmpfs           359M     0  359M   0% /dev/shm
tmpfs           144M  6.0M  138M   5% /run
efivarfs        128K  3.1K  120K   3% /sys/firmware/efi/efivars
/dev/nvme0n1p4  8.8G  2.7G  6.2G  31% /
/dev/nvme0n1p3  960M  267M  694M  28% /boot
/dev/nvme0n1p2  200M  7.7M  193M   4% /boot/efi
tmpfs            72M     0   72M   0% /run/user/1000</pre></td>
</tr>

<tr>
<td>Uptime</td>
<td><pre> 11:41:01 up  1:41,  1 user,  load average: 0.00, 0.00, 0.00</pre></td>
</tr>

</table>

</body>
</html>
